polygon size:5
POLYGON((0 0,0 1,1 1,1 0,0 0))
Org area:1
numPoints 4
Forward:
[0,0],
[0,1],
[1,1],
[1,0],
Backward:
[0,0],
[1,0],
[1,1],
[0,1],
cutline : (1 0)(0 0 )(0 1)
POINT(1 0)
POINT(1 0)
POINT(0.8 0.2)
POINT(0.8 0.2)
POINT(0.6 0.4)
POINT(0.6 0.4)
POINT(0.4 0.6)
POINT(0.4 0.6)
POINT(0.2 0.8)
POINT(0.2 0.8)
POINT(5.55112e-17 1)
POINT(5.55112e-17 1)
POLYGON((1 0,0 1,1 1,1 0))
Current Area : 0.5
Forward:
[1,0],
[0,1],
[1,1],
Backward:
[1,0],
[1,1],
[0,1],
T Area : 0.5  prevArea: 1 currArea: 0.5
Area Gain : 0.5
i: 1  currArea : 0.5
[1,0],[0,0],[0,1],
[1,1],[1,0],[0,1],
Total Area : 1
